/projects/bgdb/asachan/.conda/envs/multivelo/lib/python3.10/site-packages/anndata/utils.py:434: FutureWarning: Importing read_csv from `anndata` is deprecated. Import anndata.io.read_csv instead.
  warnings.warn(msg, FutureWarning)
/projects/bgdb/asachan/.conda/envs/multivelo/lib/python3.10/site-packages/anndata/utils.py:434: FutureWarning: Importing read_text from `anndata` is deprecated. Import anndata.io.read_text instead.
  warnings.warn(msg, FutureWarning)
/projects/bgdb/asachan/.conda/envs/multivelo/lib/python3.10/site-packages/anndata/utils.py:434: FutureWarning: Importing read_excel from `anndata` is deprecated. Import anndata.io.read_excel instead.
  warnings.warn(msg, FutureWarning)
/projects/bgdb/asachan/.conda/envs/multivelo/lib/python3.10/site-packages/anndata/utils.py:434: FutureWarning: Importing read_mtx from `anndata` is deprecated. Import anndata.io.read_mtx instead.
  warnings.warn(msg, FutureWarning)
/projects/bgdb/asachan/.conda/envs/multivelo/lib/python3.10/site-packages/anndata/utils.py:434: FutureWarning: Importing read_loom from `anndata` is deprecated. Import anndata.io.read_loom instead.
  warnings.warn(msg, FutureWarning)
/projects/bgdb/asachan/.conda/envs/multivelo/lib/python3.10/site-packages/anndata/utils.py:434: FutureWarning: Importing read_hdf from `anndata` is deprecated. Import anndata.io.read_hdf instead.
  warnings.warn(msg, FutureWarning)
/projects/bgdb/asachan/.conda/envs/multivelo/lib/python3.10/site-packages/anndata/utils.py:434: FutureWarning: Importing read_csv from `anndata` is deprecated. Import anndata.io.read_csv instead.
  warnings.warn(msg, FutureWarning)
/projects/bgdb/asachan/.conda/envs/multivelo/lib/python3.10/site-packages/anndata/utils.py:434: FutureWarning: Importing read_excel from `anndata` is deprecated. Import anndata.io.read_excel instead.
  warnings.warn(msg, FutureWarning)
/projects/bgdb/asachan/.conda/envs/multivelo/lib/python3.10/site-packages/anndata/utils.py:434: FutureWarning: Importing read_hdf from `anndata` is deprecated. Import anndata.io.read_hdf instead.
  warnings.warn(msg, FutureWarning)
/projects/bgdb/asachan/.conda/envs/multivelo/lib/python3.10/site-packages/anndata/utils.py:434: FutureWarning: Importing read_loom from `anndata` is deprecated. Import anndata.io.read_loom instead.
  warnings.warn(msg, FutureWarning)
/projects/bgdb/asachan/.conda/envs/multivelo/lib/python3.10/site-packages/anndata/utils.py:434: FutureWarning: Importing read_mtx from `anndata` is deprecated. Import anndata.io.read_mtx instead.
  warnings.warn(msg, FutureWarning)
/projects/bgdb/asachan/.conda/envs/multivelo/lib/python3.10/site-packages/anndata/utils.py:434: FutureWarning: Importing read_text from `anndata` is deprecated. Import anndata.io.read_text instead.
  warnings.warn(msg, FutureWarning)
/projects/bgdb/asachan/.conda/envs/multivelo/lib/python3.10/site-packages/anndata/utils.py:434: FutureWarning: Importing read_umi_tools from `anndata` is deprecated. Import anndata.io.read_umi_tools instead.
  warnings.warn(msg, FutureWarning)
Loading cached adata_rna...
  RNA: (28494, 2000), layers: ['Ms', 'Mu', 'ambiguous', 'spliced', 'unspliced']
Loading cached adata_atac...
  ATAC: (28494, 2000), layers: ['Mc']
✓ Aligned: 28494 cells × 2000 genes
✓ celltype_colors generated: ['#1f77b4' '#ff7f0e' '#2ca02c' '#d62728' '#9467bd' '#8c564b' '#e377c2'
 '#7f7f7f' '#bcbd22']
Starting recover_dynamics_chrom...
Traceback (most recent call last):
  File "<stdin>", line 45, in <module>
AttributeError: module 'multivelo' has no attribute 'settings'
